
> trailfund@0.1.0 test
> react-scripts test App

node.exe : FAIL 
src/App.test.js
At 
D:\nodejs\npm.ps1:29 
char:3
+   & $NODE_EXE 
$NPM_CLI_JS $args
+   ~~~~~~~~~~~~~~~~~~
~~~~~~~~~~~
    + CategoryInfo    
          : NotSpeci  
  fied: (FAIL src/A   
 pp.test.js:String    
) [], RemoteExcep    
tion
    + FullyQualifiedE 
   rrorId : NativeCo  
  mmandError
 
  ΓùÅ Test suite 
failed to run

    Cannot find 
module 
'react-router-dom' 
from 'src/App.test.js'

    [0m [90m 1 
|[39m 
[36mimport[39m { 
render[33m,[39m 
screen } 
[36mfrom[39m [32m'@
testing-library/react'
[39m[33m;[39m
    [31m[1m>[22m[3
9m[90m 2 |[39m 
[36mimport[39m { [3
3mMemoryRouter[39m } 
[36mfrom[39m [32m'r
eact-router-dom'[39m
[33m;[39m
     [90m   |[39m 
[31m[1m^[22m[39m
     [90m 3 |[39m 
[36mimport[39m 
[33mApp[39m 
[36mfrom[39m [32m'.
/App'[39m[33m;[39m
     [90m 4 |[39m
     [90m 5 |[39m 
test([32m'renders 
learn react 
link'[39m[33m,[39m 
() [33m=>[39m {[0m

      at Resolver.reso
lveModule (node_module
s/jest-resolve/build/r
esolver.js:324:11)
      at 
Object.<anonymous> 
(src/App.test.js:2:1)
      at TestScheduler
.scheduleTests (node_m
odules/@jest/core/buil
d/TestScheduler.js:333
:13)
      at runJest (node
_modules/@jest/core/bu
ild/runJest.js:404:19)
      at _run10000 (no
de_modules/@jest/core/
build/cli/index.js:320
:7)
      at runCLI (node_
modules/@jest/core/bui
ld/cli/index.js:173:3)

Test Suites: 1 
failed, 1 total
Tests:       0 total
Snapshots:   0 total
Time:        1.295 s
Ran all test suites 
matching /App/i.
