
> trailfund@0.1.0 test
> react-scripts test

  console.warn
    ⚠️ React Router Future Flag Warning: React Router will begin wrapping state updates in `React.startTransition` in v7. You can use the `v7_startTransition` future flag to opt-in early. For more information, see https://reactrouter.com/v6/upgrading/future#v7_starttransition.

    [0m [90m 4 |[39m
     [90m 5 |[39m test([32m'renders learn react link'[39m[33m,[39m () [33m=>[39m {
    [31m[1m>[22m[39m[90m 6 |[39m   render(
     [90m   |[39m         [31m[1m^[22m[39m
     [90m 7 |[39m     [33m<[39m[33mMemoryRouter[39m[33m>[39m
     [90m 8 |[39m       [33m<[39m[33mApp[39m [33m/[39m[33m>[39m
     [90m 9 |[39m     [33m<[39m[33m/[39m[33mMemoryRouter[39m[33m>[39m[0m

      at warnOnce (node_modules/react-router/lib/deprecations.ts:9:13)
      at logDeprecation (node_modules/react-router/lib/deprecations.ts:14:3)
      at logV6DeprecationWarnings (node_modules/react-router/lib/deprecations.ts:26:5)
      at node_modules/react-router/lib/components.tsx:257:25
      at Object.react_stack_bottom_frame (node_modules/react-dom/cjs/react-dom-client.development.js:25989:20)
      at runWithFiberInDEV (node_modules/react-dom/cjs/react-dom-client.development.js:874:13)
      at commitHookEffectListMount (node_modules/react-dom/cjs/react-dom-client.development.js:13249:29)
      at commitHookPassiveMountEffects (node_modules/react-dom/cjs/react-dom-client.development.js:13336:11)
      at commitPassiveMountOnFiber (node_modules/react-dom/cjs/react-dom-client.development.js:15484:13)
      at recursivelyTraversePassiveMountEffects (node_modules/react-dom/cjs/react-dom-client.development.js:15439:11)
      at commitPassiveMountOnFiber (node_modules/react-dom/cjs/react-dom-client.development.js:15519:11)
      at flushPassiveEffects (node_modules/react-dom/cjs/react-dom-client.development.js:18432:9)
      at node_modules/react-dom/cjs/react-dom-client.development.js:17923:15
      at flushActQueue (node_modules/react/cjs/react.development.js:590:34)
      at Object.<anonymous>.process.env.NODE_ENV.exports.act (node_modules/react/cjs/react.development.js:884:10)
      at node_modules/@testing-library/react/dist/act-compat.js:47:25
      at renderRoot (node_modules/@testing-library/react/dist/pure.js:190:26)
      at render (node_modules/@testing-library/react/dist/pure.js:292:10)
      at Object.<anonymous> (src/App.test.js:6:9)
      at TestScheduler.scheduleTests (node_modules/@jest/core/build/TestScheduler.js:333:13)
      at runJest (node_modules/@jest/core/build/runJest.js:404:19)
      at _run10000 (node_modules/@jest/core/build/cli/index.js:320:7)
      at runCLI (node_modules/@jest/core/build/cli/index.js:173:3)

  console.warn
    ⚠️ React Router Future Flag Warning: Relative route resolution within Splat routes is changing in v7. You can use the `v7_relativeSplatPath` future flag to opt-in early. For more information, see https://reactrouter.com/v6/upgrading/future#v7_relativesplatpath.

    [0m [90m 4 |[39m
     [90m 5 |[39m test([32m'renders learn react link'[39m[33m,[39m () [33m=>[39m {
    [31m[1m>[22m[39m[90m 6 |[39m   render(
     [90m   |[39m         [31m[1m^[22m[39m
     [90m 7 |[39m     [33m<[39m[33mMemoryRouter[39m[33m>[39m
     [90m 8 |[39m       [33m<[39m[33mApp[39m [33m/[39m[33m>[39m
     [90m 9 |[39m     [33m<[39m[33m/[39m[33mMemoryRouter[39m[33m>[39m[0m

      at warnOnce (node_modules/react-router/lib/deprecations.ts:9:13)
      at logDeprecation (node_modules/react-router/lib/deprecations.ts:14:3)
      at logV6DeprecationWarnings (node_modules/react-router/lib/deprecations.ts:37:5)
      at node_modules/react-router/lib/components.tsx:257:25
      at Object.react_stack_bottom_frame (node_modules/react-dom/cjs/react-dom-client.development.js:25989:20)
      at runWithFiberInDEV (node_modules/react-dom/cjs/react-dom-client.development.js:874:13)
      at commitHookEffectListMount (node_modules/react-dom/cjs/react-dom-client.development.js:13249:29)
      at commitHookPassiveMountEffects (node_modules/react-dom/cjs/react-dom-client.development.js:13336:11)
      at commitPassiveMountOnFiber (node_modules/react-dom/cjs/react-dom-client.development.js:15484:13)
      at recursivelyTraversePassiveMountEffects (node_modules/react-dom/cjs/react-dom-client.development.js:15439:11)
      at commitPassiveMountOnFiber (node_modules/react-dom/cjs/react-dom-client.development.js:15519:11)
      at flushPassiveEffects (node_modules/react-dom/cjs/react-dom-client.development.js:18432:9)
      at node_modules/react-dom/cjs/react-dom-client.development.js:17923:15
      at flushActQueue (node_modules/react/cjs/react.development.js:590:34)
      at Object.<anonymous>.process.env.NODE_ENV.exports.act (node_modules/react/cjs/react.development.js:884:10)
      at node_modules/@testing-library/react/dist/act-compat.js:47:25
      at renderRoot (node_modules/@testing-library/react/dist/pure.js:190:26)
      at render (node_modules/@testing-library/react/dist/pure.js:292:10)
      at Object.<anonymous> (src/App.test.js:6:9)
      at TestScheduler.scheduleTests (node_modules/@jest/core/build/TestScheduler.js:333:13)
      at runJest (node_modules/@jest/core/build/runJest.js:404:19)
      at _run10000 (node_modules/@jest/core/build/cli/index.js:320:7)
      at runCLI (node_modules/@jest/core/build/cli/index.js:173:3)

FAIL src/App.test.js
  × renders learn react link (108 ms)

  ● renders learn react link

    TestingLibraryElementError: Found multiple elements with the text: /TrailFund/i

    Here are the matching elements:

    Ignored nodes: comments, script, style
    [36m<strong>[39m
      [0mTrailFund[0m
    [36m</strong>[39m

    Ignored nodes: comments, script, style
    [36m<h1>[39m
      [0mWelcome to TrailFund[0m
    [36m</h1>[39m

    Ignored nodes: comments, script, style
    [36m<div>[39m
      [0m© [0m
      [0m2025[0m
      [0m TrailFund[0m
    [36m</div>[39m

    (If this is intentional, then use the `*AllBy*` variant of the query (like `queryAllByText`, `getAllByText`, or `findAllByText`)).

    Ignored nodes: comments, script, style
    [36m<body>[39m
      [36m<div>[39m
        [36m<div[39m
          [33mclass[39m=[32m"app"[39m
        [36m>[39m
          [36m<header[39m
            [33mclass[39m=[32m"header"[39m
          [36m>[39m
            [36m<div[39m
              [33mclass[39m=[32m"brand"[39m
            [36m>[39m
              [36m<a[39m
                [33mhref[39m=[32m"/"[39m
              [36m>[39m
                [36m<strong>[39m
                  [0mTrailFund[0m
                [36m</strong>[39m
              [36m</a>[39m
            [36m</div>[39m
            [36m<nav[39m
              [33mclass[39m=[32m"nav"[39m
            [36m>[39m
              [36m<a[39m
                [33mhref[39m=[32m"/campaigns"[39m
              [36m>[39m
                [0mCampaigns[0m
              [36m</a>[39m
              [36m<a[39m
                [33mclass[39m=[32m"cta"[39m
                [33mhref[39m=[32m"/create"[39m
              [36m>[39m
                [0mStart a Fund[0m
              [36m</a>[39m
              [36m<a[39m
                [33mhref[39m=[32m"/profile"[39m
              [36m>[39m
                [0mProfile[0m
              [36m</a>[39m
            [36m</nav>[39m
          [36m</header>[39m
          [36m<main[39m
            [33mclass[39m=[32m"main"[39m
          [36m>[39m
            [36m<div>[39m
              [36m<section[39m
                [33mclass[39m=[32m"card"[39m
              [36m>[39m
                [36m<h1>[39m
                  [0mWelcome to TrailFund[0m
                [36m</h1>[39m
                [36m<p[39m
                  [33mclass[39m=[32m"campaign-meta"[39m
                [36m>[39m
                  [0mSupport trails and outdoor community projects. One click, one cause.[0m
                [36m</p>[39m
                [36m<div[39m
                  [33mstyle[39m=[32m"margin-top: 16px;"[39m
                [36m>[39m
                  [36m<a[39m
                    [33mhref[39m=[32m"/campaigns"[39m
                  [36m>[39m
                    [36m<button[39m
                      [33mclass[39m=[32m"btn"[39m
                    [36m>[39m
                      [0mBrowse Campaigns[0m
                    [36m</button>[39m
                  [36m</a>[39m
                  [36m<a[39m
                    [33mhref[39m=[32m"/create"[39m
                    [33mstyle[39m=[32m"margin-left: 12px;"[39m
                  [36m>[39m
                    [36m<button[39m
                      [33mclass[39m=[32m"btn"[39m
                      [33mstyle[39m=[32m"background: rgb(16, 185, 129);"[39m
                    [36m>[39m
                      [0mStart a Fund[0m
                    [36m</button>[39m
                  [36m</a>[39m
                [36m</div>[39m
              [36m</section>[39m
              [36m<section[39m
                [33mclass[39m=[32m"card"[39m
              [36m>[39m
                [36m<h3>[39m
                  [0mFeatured Campaigns[0m
                [36m</h3>[39m
                [36m<p[39m
                  [33mclass[39m=[32m"campaign-meta"[39m
                [36m>[39m
                  [0mQuick preview of live campaigns below.[0m
                [36m</p>[39m
              [36m</section>[39m
            [36m</div>[39m
          [36m</main>[39m
          [36m<footer[39m
            [33mclass[39m=[32m"footer"[39m
          [36m>[39m
            [36m<div>[39m
              [0m© [0m
              [0m2025[0m
              [0m TrailFund[0m
            [36m</div>[39m
            [36m<div[39m
              [33mclass[39m=[32m"foot-links"[39m
            [36m>[39m
              [36m<a[39m
                [33mhref[39m=[32m"/campaigns"[39m
              [36m>[39m
                [0mCampaigns[0m
              [36m</a>[39m
            [36m</div>[39m
          [36m</footer>[39m
        [36m</div>[39m
      [36m</div>[39m
    [36m</body>[39m

    [0m [90m  9 |[39m     [33m<[39m[33m/[39m[33mMemoryRouter[39m[33m>[39m
     [90m 10 |[39m   )[33m;[39m
    [31m[1m>[22m[39m[90m 11 |[39m   [36mconst[39m linkElement [33m=[39m screen[33m.[39mgetByText([35m/TrailFund/i[39m)[33m;[39m
     [90m    |[39m                              [31m[1m^[22m[39m
     [90m 12 |[39m   expect(linkElement)[33m.[39mtoBeInTheDocument()[33m;[39m
     [90m 13 |[39m })[33m;[39m
     [90m 14 |[39m[0m

      at Object.getElementError (node_modules/@testing-library/dom/dist/config.js:37:19)
      at getElementError (node_modules/@testing-library/dom/dist/query-helpers.js:20:35)
      at getMultipleElementsFoundError (node_modules/@testing-library/dom/dist/query-helpers.js:23:10)
      at node_modules/@testing-library/dom/dist/query-helpers.js:55:13
      at getByText (node_modules/@testing-library/dom/dist/query-helpers.js:95:19)
      at Object.<anonymous> (src/App.test.js:11:30)
      at TestScheduler.scheduleTests (node_modules/@jest/core/build/TestScheduler.js:333:13)
      at runJest (node_modules/@jest/core/build/runJest.js:404:19)
      at _run10000 (node_modules/@jest/core/build/cli/index.js:320:7)
      at runCLI (node_modules/@jest/core/build/cli/index.js:173:3)

Test Suites: 1 failed, 1 total
Tests:       1 failed, 1 total
Snapshots:   0 total
Time:        1.357 s
Ran all test suites.
